// Vitest Snapshot v1, https://vitest.dev/guide/snapshot.html

exports[`preset > should generate correct css 1`] = `
"/* layer: theme */
:root, :host { --font-sans: ui-sans-serif,system-ui,-apple-system,BlinkMacSystemFont,"Segoe UI",Roboto,"Helvetica Neue",Arial,"Noto Sans",sans-serif,"Apple Color Emoji","Segoe UI Emoji","Segoe UI Symbol","Noto Color Emoji"; --font-mono: ui-monospace,SFMono-Regular,Menlo,Monaco,Consolas,"Liberation Mono","Courier New",monospace; --default-font-family: var(--font-sans); --default-monoFont-family: var(--font-mono); }
/* layer: base */
 *, ::after, ::before, ::backdrop, ::file-selector-button { box-sizing: border-box;  margin: 0;  padding: 0;  border: 0 solid;  }  html, :host { line-height: 1.5;  -webkit-text-size-adjust: 100%;  tab-size: 4;  font-family: var( --default-font-family, ui-sans-serif, system-ui, sans-serif, 'Apple Color Emoji', 'Segoe UI Emoji', 'Segoe UI Symbol', 'Noto Color Emoji' );  font-feature-settings: var(--default-font-featureSettings, normal);  font-variation-settings: var(--default-font-variationSettings, normal);  -webkit-tap-highlight-color: transparent;  }  hr { height: 0;  color: inherit;  border-top-width: 1px;  }  abbr:where([title]) { -webkit-text-decoration: underline dotted; text-decoration: underline dotted; }  h1, h2, h3, h4, h5, h6 { font-size: inherit; font-weight: inherit; }  a { color: inherit; -webkit-text-decoration: inherit; text-decoration: inherit; }  b, strong { font-weight: bolder; }  code, kbd, samp, pre { font-family: var( --default-monoFont-family, ui-monospace, SFMono-Regular, Menlo, Monaco, Consolas, 'Liberation Mono', 'Courier New', monospace );  font-feature-settings: var(--default-monoFont-featureSettings, normal);  font-variation-settings: var(--default-monoFont-variationSettings, normal);  font-size: 1em;  }  small { font-size: 80%; }  sub, sup { font-size: 75%; line-height: 0; position: relative; vertical-align: baseline; } sub { bottom: -0.25em; } sup { top: -0.5em; }  table { text-indent: 0;  border-color: inherit;  border-collapse: collapse;  }  :-moz-focusring { outline: auto; }  progress { vertical-align: baseline; }  summary { display: list-item; }  ol, ul, menu { list-style: none; }  img, svg, video, canvas, audio, iframe, embed, object { display: block;  vertical-align: middle;  }  img, video { max-width: 100%; height: auto; }  button, input, select, optgroup, textarea, ::file-selector-button { font: inherit;  font-feature-settings: inherit;  font-variation-settings: inherit;  letter-spacing: inherit;  color: inherit;  border-radius: 0;  background-color: transparent;  opacity: 1;  }  :where(select:is([multiple], [size])) optgroup { font-weight: bolder; }  :where(select:is([multiple], [size])) optgroup option { padding-inline-start: 20px; }  ::file-selector-button { margin-inline-end: 4px; }  ::placeholder { opacity: 1; }  @supports (not (-webkit-appearance: -apple-pay-button))  or (contain-intrinsic-size: 1px)  { ::placeholder { color: color-mix(in oklab, currentcolor 50%, transparent); } }  textarea { resize: vertical; }  ::-webkit-search-decoration { -webkit-appearance: none; }  ::-webkit-date-and-time-value { min-height: 1lh;  text-align: inherit;  }  ::-webkit-datetime-edit { display: inline-flex; }  ::-webkit-datetime-edit-fields-wrapper { padding: 0; } ::-webkit-datetime-edit, ::-webkit-datetime-edit-year-field, ::-webkit-datetime-edit-month-field, ::-webkit-datetime-edit-day-field, ::-webkit-datetime-edit-hour-field, ::-webkit-datetime-edit-minute-field, ::-webkit-datetime-edit-second-field, ::-webkit-datetime-edit-millisecond-field, ::-webkit-datetime-edit-meridiem-field { padding-block: 0; }  ::-webkit-calendar-picker-indicator { line-height: 1; }  :-moz-ui-invalid { box-shadow: none; }  button, input:where([type='button'], [type='reset'], [type='submit']), ::file-selector-button { appearance: button; }  ::-webkit-inner-spin-button, ::-webkit-outer-spin-button { height: auto; }  [hidden]:where(:not([hidden='until-found'])) { display: none !important; }
/* layer: default */
html, body, #app {height: 100%;}"
`;

exports[`preset > should generate correct css with fonts options 1`] = `
"/* layer: fonts */
/* cyrillic-ext */
@font-face {
  font-family: 'Inter';
  font-style: normal;
  font-weight: 400;
  font-display: swap;
  src: url(/assets/fonts/inter-7779553b.woff2) format('woff2');
  unicode-range: U+0460-052F, U+1C80-1C8A, U+20B4, U+2DE0-2DFF, U+A640-A69F, U+FE2E-FE2F;
}
/* cyrillic */
@font-face {
  font-family: 'Inter';
  font-style: normal;
  font-weight: 400;
  font-display: swap;
  src: url(/assets/fonts/inter-c002eda7.woff2) format('woff2');
  unicode-range: U+0301, U+0400-045F, U+0490-0491, U+04B0-04B1, U+2116;
}
/* greek-ext */
@font-face {
  font-family: 'Inter';
  font-style: normal;
  font-weight: 400;
  font-display: swap;
  src: url(/assets/fonts/inter-1c5ece26.woff2) format('woff2');
  unicode-range: U+1F00-1FFF;
}
/* greek */
@font-face {
  font-family: 'Inter';
  font-style: normal;
  font-weight: 400;
  font-display: swap;
  src: url(/assets/fonts/inter-0091b139.woff2) format('woff2');
  unicode-range: U+0370-0377, U+037A-037F, U+0384-038A, U+038C, U+038E-03A1, U+03A3-03FF;
}
/* vietnamese */
@font-face {
  font-family: 'Inter';
  font-style: normal;
  font-weight: 400;
  font-display: swap;
  src: url(/assets/fonts/inter-53a500d0.woff2) format('woff2');
  unicode-range: U+0102-0103, U+0110-0111, U+0128-0129, U+0168-0169, U+01A0-01A1, U+01AF-01B0, U+0300-0301, U+0303-0304, U+0308-0309, U+0323, U+0329, U+1EA0-1EF9, U+20AB;
}
/* latin-ext */
@font-face {
  font-family: 'Inter';
  font-style: normal;
  font-weight: 400;
  font-display: swap;
  src: url(/assets/fonts/inter-434e168c.woff2) format('woff2');
  unicode-range: U+0100-02BA, U+02BD-02C5, U+02C7-02CC, U+02CE-02D7, U+02DD-02FF, U+0304, U+0308, U+0329, U+1D00-1DBF, U+1E00-1E9F, U+1EF2-1EFF, U+2020, U+20A0-20AB, U+20AD-20C0, U+2113, U+2C60-2C7F, U+A720-A7FF;
}
/* latin */
@font-face {
  font-family: 'Inter';
  font-style: normal;
  font-weight: 400;
  font-display: swap;
  src: url(/assets/fonts/inter-d7b50ea5.woff2) format('woff2');
  unicode-range: U+0000-00FF, U+0131, U+0152-0153, U+02BB-02BC, U+02C6, U+02DA, U+02DC, U+0304, U+0308, U+0329, U+2000-206F, U+20AC, U+2122, U+2191, U+2193, U+2212, U+2215, U+FEFF, U+FFFD;
}

/* layer: theme */
:root, :host { --font-sans: "Inter",ui-sans-serif,system-ui,-apple-system,BlinkMacSystemFont,"Segoe UI",Roboto,"Helvetica Neue",Arial,"Noto Sans",sans-serif,"Apple Color Emoji","Segoe UI Emoji","Segoe UI Symbol","Noto Color Emoji"; --font-mono: ui-monospace,SFMono-Regular,Menlo,Monaco,Consolas,"Liberation Mono","Courier New",monospace; --default-font-family: var(--font-sans); --default-monoFont-family: var(--font-mono); }
/* layer: base */
 *, ::after, ::before, ::backdrop, ::file-selector-button { box-sizing: border-box;  margin: 0;  padding: 0;  border: 0 solid;  }  html, :host { line-height: 1.5;  -webkit-text-size-adjust: 100%;  tab-size: 4;  font-family: var( --default-font-family, ui-sans-serif, system-ui, sans-serif, 'Apple Color Emoji', 'Segoe UI Emoji', 'Segoe UI Symbol', 'Noto Color Emoji' );  font-feature-settings: var(--default-font-featureSettings, normal);  font-variation-settings: var(--default-font-variationSettings, normal);  -webkit-tap-highlight-color: transparent;  }  hr { height: 0;  color: inherit;  border-top-width: 1px;  }  abbr:where([title]) { -webkit-text-decoration: underline dotted; text-decoration: underline dotted; }  h1, h2, h3, h4, h5, h6 { font-size: inherit; font-weight: inherit; }  a { color: inherit; -webkit-text-decoration: inherit; text-decoration: inherit; }  b, strong { font-weight: bolder; }  code, kbd, samp, pre { font-family: var( --default-monoFont-family, ui-monospace, SFMono-Regular, Menlo, Monaco, Consolas, 'Liberation Mono', 'Courier New', monospace );  font-feature-settings: var(--default-monoFont-featureSettings, normal);  font-variation-settings: var(--default-monoFont-variationSettings, normal);  font-size: 1em;  }  small { font-size: 80%; }  sub, sup { font-size: 75%; line-height: 0; position: relative; vertical-align: baseline; } sub { bottom: -0.25em; } sup { top: -0.5em; }  table { text-indent: 0;  border-color: inherit;  border-collapse: collapse;  }  :-moz-focusring { outline: auto; }  progress { vertical-align: baseline; }  summary { display: list-item; }  ol, ul, menu { list-style: none; }  img, svg, video, canvas, audio, iframe, embed, object { display: block;  vertical-align: middle;  }  img, video { max-width: 100%; height: auto; }  button, input, select, optgroup, textarea, ::file-selector-button { font: inherit;  font-feature-settings: inherit;  font-variation-settings: inherit;  letter-spacing: inherit;  color: inherit;  border-radius: 0;  background-color: transparent;  opacity: 1;  }  :where(select:is([multiple], [size])) optgroup { font-weight: bolder; }  :where(select:is([multiple], [size])) optgroup option { padding-inline-start: 20px; }  ::file-selector-button { margin-inline-end: 4px; }  ::placeholder { opacity: 1; }  @supports (not (-webkit-appearance: -apple-pay-button))  or (contain-intrinsic-size: 1px)  { ::placeholder { color: color-mix(in oklab, currentcolor 50%, transparent); } }  textarea { resize: vertical; }  ::-webkit-search-decoration { -webkit-appearance: none; }  ::-webkit-date-and-time-value { min-height: 1lh;  text-align: inherit;  }  ::-webkit-datetime-edit { display: inline-flex; }  ::-webkit-datetime-edit-fields-wrapper { padding: 0; } ::-webkit-datetime-edit, ::-webkit-datetime-edit-year-field, ::-webkit-datetime-edit-month-field, ::-webkit-datetime-edit-day-field, ::-webkit-datetime-edit-hour-field, ::-webkit-datetime-edit-minute-field, ::-webkit-datetime-edit-second-field, ::-webkit-datetime-edit-millisecond-field, ::-webkit-datetime-edit-meridiem-field { padding-block: 0; }  ::-webkit-calendar-picker-indicator { line-height: 1; }  :-moz-ui-invalid { box-shadow: none; }  button, input:where([type='button'], [type='reset'], [type='submit']), ::file-selector-button { appearance: button; }  ::-webkit-inner-spin-button, ::-webkit-outer-spin-button { height: auto; }  [hidden]:where(:not([hidden='until-found'])) { display: none !important; }
/* layer: default */
html, body, #app {height: 100%;}
.font-sans{font-family:var(--font-sans);}"
`;

exports[`preset > should generate correct css with icons options 1`] = `
"/* layer: theme */
:root, :host { --font-sans: ui-sans-serif,system-ui,-apple-system,BlinkMacSystemFont,"Segoe UI",Roboto,"Helvetica Neue",Arial,"Noto Sans",sans-serif,"Apple Color Emoji","Segoe UI Emoji","Segoe UI Symbol","Noto Color Emoji"; --font-mono: ui-monospace,SFMono-Regular,Menlo,Monaco,Consolas,"Liberation Mono","Courier New",monospace; --default-font-family: var(--font-sans); --default-monoFont-family: var(--font-mono); }
/* layer: base */
 *, ::after, ::before, ::backdrop, ::file-selector-button { box-sizing: border-box;  margin: 0;  padding: 0;  border: 0 solid;  }  html, :host { line-height: 1.5;  -webkit-text-size-adjust: 100%;  tab-size: 4;  font-family: var( --default-font-family, ui-sans-serif, system-ui, sans-serif, 'Apple Color Emoji', 'Segoe UI Emoji', 'Segoe UI Symbol', 'Noto Color Emoji' );  font-feature-settings: var(--default-font-featureSettings, normal);  font-variation-settings: var(--default-font-variationSettings, normal);  -webkit-tap-highlight-color: transparent;  }  hr { height: 0;  color: inherit;  border-top-width: 1px;  }  abbr:where([title]) { -webkit-text-decoration: underline dotted; text-decoration: underline dotted; }  h1, h2, h3, h4, h5, h6 { font-size: inherit; font-weight: inherit; }  a { color: inherit; -webkit-text-decoration: inherit; text-decoration: inherit; }  b, strong { font-weight: bolder; }  code, kbd, samp, pre { font-family: var( --default-monoFont-family, ui-monospace, SFMono-Regular, Menlo, Monaco, Consolas, 'Liberation Mono', 'Courier New', monospace );  font-feature-settings: var(--default-monoFont-featureSettings, normal);  font-variation-settings: var(--default-monoFont-variationSettings, normal);  font-size: 1em;  }  small { font-size: 80%; }  sub, sup { font-size: 75%; line-height: 0; position: relative; vertical-align: baseline; } sub { bottom: -0.25em; } sup { top: -0.5em; }  table { text-indent: 0;  border-color: inherit;  border-collapse: collapse;  }  :-moz-focusring { outline: auto; }  progress { vertical-align: baseline; }  summary { display: list-item; }  ol, ul, menu { list-style: none; }  img, svg, video, canvas, audio, iframe, embed, object { display: block;  vertical-align: middle;  }  img, video { max-width: 100%; height: auto; }  button, input, select, optgroup, textarea, ::file-selector-button { font: inherit;  font-feature-settings: inherit;  font-variation-settings: inherit;  letter-spacing: inherit;  color: inherit;  border-radius: 0;  background-color: transparent;  opacity: 1;  }  :where(select:is([multiple], [size])) optgroup { font-weight: bolder; }  :where(select:is([multiple], [size])) optgroup option { padding-inline-start: 20px; }  ::file-selector-button { margin-inline-end: 4px; }  ::placeholder { opacity: 1; }  @supports (not (-webkit-appearance: -apple-pay-button))  or (contain-intrinsic-size: 1px)  { ::placeholder { color: color-mix(in oklab, currentcolor 50%, transparent); } }  textarea { resize: vertical; }  ::-webkit-search-decoration { -webkit-appearance: none; }  ::-webkit-date-and-time-value { min-height: 1lh;  text-align: inherit;  }  ::-webkit-datetime-edit { display: inline-flex; }  ::-webkit-datetime-edit-fields-wrapper { padding: 0; } ::-webkit-datetime-edit, ::-webkit-datetime-edit-year-field, ::-webkit-datetime-edit-month-field, ::-webkit-datetime-edit-day-field, ::-webkit-datetime-edit-hour-field, ::-webkit-datetime-edit-minute-field, ::-webkit-datetime-edit-second-field, ::-webkit-datetime-edit-millisecond-field, ::-webkit-datetime-edit-meridiem-field { padding-block: 0; }  ::-webkit-calendar-picker-indicator { line-height: 1; }  :-moz-ui-invalid { box-shadow: none; }  button, input:where([type='button'], [type='reset'], [type='submit']), ::file-selector-button { appearance: button; }  ::-webkit-inner-spin-button, ::-webkit-outer-spin-button { height: auto; }  [hidden]:where(:not([hidden='until-found'])) { display: none !important; }
/* layer: icons */
.i-custom\\:test{background:url("data:image/svg+xml;utf8,%3Csvg xmlns='http://www.w3.org/2000/svg' %3E%3C/svg%3E") no-repeat;background-size:100% 100%;background-color:transparent;width:1em;height:1em;}
/* layer: default */
html, body, #app {height: 100%;}"
`;
